
> build
> vite build && nitro build && node fix-vercel-output.cjs

[90m[[90mnitro:vercel[90m][39m [36mΓä╣[39m Using [36mnodejs24.x[39m runtime.
[90m[[90mnitro:vercel[90m][39m [36mΓä╣[39m Using [36mweb[39m entry format.
[36mvite v7.3.3 [32mbuilding client environment for production...[36m[39m
transforming...
