src/routes/dashboard/settings/branding.tsx(503,1): error TS1128: Declaration or statement expected.
